// Vitest Snapshot v1, https://vitest.dev/guide/snapshot.html

exports[`people picker > people picked for 2022 year following 1`] = `"lnDG7b1ILKEQf+pA1qCvcgZO78pJU6M9M/pRScxEizA="`;

exports[`people picker > people picked for 2023 year following 1`] = `"qvzYn8DQKYzkfRqwJulga0y8oHAh2xuYwBsTXntvU50="`;

exports[`people picker > people picked for 2024 year following 1`] = `"wLqn8FYGZwC6ESQ61PfPA3P4fusZtfJUrqZcgoJHtF0="`;

exports[`people picker > people picked for 2025 year following 1`] = `"I3J4Di5x2eE90eJ5Qr5PcOh01ANd5VVQ9Vo/u6hpMGA="`;

exports[`people picker > people picked for 2026 year following 1`] = `"b1x1IV5IvT4hQDBJpdtW+AdGiD8yzDLSJ1xIFVvcqcI="`;

exports[`people picker > people picked for 2027 year following 1`] = `"JudLRHFVeGNOpBePa0+sN52xpzMrCq99Mbfhan/1Kz0="`;

exports[`people picker > people picked for 2028 year following 1`] = `"oVsE4W30245eYZq+QIlGzi8VLfKIYmjy80/elzD1Id0="`;

exports[`people picker > people picked for 2029 year following 1`] = `"zOdWP5+XgausiJtws8jKTfLqsqsYIG3Yb4c/73WtqK8="`;

exports[`people picker > people picked for 2030 year following 1`] = `"RHnJ9GmOJ1PiYBqfrsMT8G4beS/MMCT7myTRU5Shn3w="`;

exports[`people picker > people picked for 2031 year following 1`] = `"WmImyIp+qRR7mq3Y+/j1rYhE+r3A+xgE+7zl1+3lx84="`;

exports[`people picker > people picked for 2032 year following 1`] = `"bi/IJp11sjSM9Qx7NzjB48/Ljf4sW0huldL1bJxW59k="`;

exports[`people picker > people picked for 2033 year following 1`] = `"JudLRHFVeGNOpBePa0+sN52xpzMrCq99Mbfhan/1Kz0="`;

exports[`people picker > people picked for 2034 year following 1`] = `"gOC4wGh6Z623TUVOsRwcyULugpeYfZCAQC6OEzxQ8cc="`;

exports[`people picker > people picked for 2035 year following 1`] = `"p2M0mnQnvzj+diHTjvvh2gP72psMB/83N/bLcD619tk="`;

exports[`people picker > people picked for 2036 year following 1`] = `"ChRfRLlhCqvS4CoKHVixKCDQG93jbMQSydFvjEG8pvs="`;

exports[`people picker > people picked for 2037 year following 1`] = `"QLaj+Sn4Cptgh6u5eSfa0ukB3XC0vmZwr2lg/HrPw/I="`;

exports[`people picker > people picked for 2038 year following 1`] = `"1MpcftjRAWc3DwVe6zhal6TCkBzlGWuvlhqNOWKEle8="`;

exports[`people picker > people picked for 2039 year following 1`] = `"psHqjuhypLOirR+E+ouKUMKVJEV6j6x6RKWVxGNoNW8="`;

exports[`people picker > people picked for 2040 year following 1`] = `"/XRCXCh/04YAro8sPGnVlAyNJ0GVhl3hhO/gNbLX0gY="`;

exports[`people picker > people picked for 2041 year following 1`] = `"ZrrJfaMmMfTqbsgwrqe9gv83V7aVkdSv5iwchfIzA2Q="`;

exports[`people picker > people picked for 2042 year following 1`] = `"GEfWu+QVYDCyXLS5w8h/Z4a8sWzbYsMa+kVGOLIaqoU="`;

exports[`people picker > people picked for 2043 year following 1`] = `"LJeghqNdz83C2+20IoTR+lSY0aBSq4P/Klh0Cc9V7tw="`;

exports[`people picker > people picked for 2044 year following 1`] = `"xOvwul4MVNWPswJ6UdLrm7zBhg1XinsKLX+EeJlZC1s="`;

exports[`people picker > people picked for 2045 year following 1`] = `"qo8zhcEBACjcN0vx2PZ/13YwsnHsU4JbEytmk2n8JqQ="`;

exports[`people picker > people picked for 2046 year following 1`] = `"FBLJMbk7NZnsBBvkMvMqbk3ToK0HU/u9grOFVnfWC8M="`;

exports[`people picker > people picked for 2047 year following 1`] = `"Gjnm8xeJsacbvzqWbhxa26l+DJWMeRdOKRSKNvcSdco="`;

exports[`people picker > people picked for 2048 year following 1`] = `"km32XMrmmFvezfanmcxZ2M2kgTB1JtAhVCbPjwIjmWc="`;

exports[`people picker > people picked for 2049 year following 1`] = `"nrIuUH3SnJCTXfKJJQzA7FW2agvzkrIN93N12Et/9SI="`;

exports[`people picker > people picked for 2050 year following 1`] = `"D027Sl8a3F9LZm1etuciXMH+6wlR4zJ2ck+Vb9i22Es="`;

exports[`people picker > people picked for 2051 year following 1`] = `"q5cYxJYMYm6Pk6f5uheu9kLHycDsRPay0HQTua/UOgE="`;

exports[`people picker > people picked for 2052 year following 1`] = `"yHHvuLC3Jz+V5tJy4A7SqB7dR6+7kBLLBFFm9iKeXBw="`;

exports[`people picker > people picked for 2053 year following 1`] = `"aS9BHIiJCIRjIgUAhISDN/7oE+W0g1dPc5fXvf+M8Bc="`;

exports[`people picker > people picked for 2054 year following 1`] = `"q5cYxJYMYm6Pk6f5uheu9kLHycDsRPay0HQTua/UOgE="`;

exports[`people picker > people picked for 2055 year following 1`] = `"0wmq2dsrtbdMMFK5uWrV+MMa0fweuf/0w8LuT8HYa3A="`;

exports[`people picker > people picked for 2056 year following 1`] = `"8qli3xDq9GdIk1KM9lOAoL0dpeVZgxpiUxK5j2qjznU="`;

exports[`people picker > people picked for 2057 year following 1`] = `"5rj2qiy1wy+cRI1UFiiv2194Bw6/qypASNPTjfrzw0I="`;

exports[`people picker > people picked for 2058 year following 1`] = `"oN09qQQzBJIhdFmDKgtL8+gsw/Hamp9GVTX7bVgVzXM="`;

exports[`people picker > people picked for 2059 year following 1`] = `"nLPU6/exJhtZrPL/bkDE+cIAdv7FeV3D2QMHHhtnP0Q="`;

exports[`people picker > people picked for 2060 year following 1`] = `"4ZdHcGJuEzrW04xg52BwsItc2Xnoq+n6FcLtC+YyfkM="`;

exports[`people picker > people picked for 2061 year following 1`] = `"y8uGN6IF2vc3nN2U0VnwKLprONliqqeEtx4in/BrIk8="`;

exports[`people picker > people picked for 2062 year following 1`] = `"gGUt5QOoEfW68Lt+E/fqsYVwmnn/TG2EML3aupFGPwU="`;

exports[`people picker > people picked for 2063 year following 1`] = `"PwSyIa718p4vbJyIOxViot6ErEijZdCsBk3d2XYOgq4="`;

exports[`people picker > people picked for 2064 year following 1`] = `"+Vkwd3c+mL0ZN/xUU/VAgQvTGR2bMSksRKqR4F1WMNs="`;

exports[`people picker > people picked for 2065 year following 1`] = `"7UpI/JHO8bkbCLO0noGGspVzxNznuqU+3ECZj/Fshm8="`;

exports[`people picker > people picked for 2066 year following 1`] = `"0/CsgejyeoBl9TESO37vGhfZ0xDJr7eGLSh3Oz57pOo="`;

exports[`people picker > people picked for 2067 year following 1`] = `"bi/IJp11sjSM9Qx7NzjB48/Ljf4sW0huldL1bJxW59k="`;

exports[`people picker > people picked for 2068 year following 1`] = `"7Saj5AuUfqZYKhJJzLlWeM1NlQAI3i4C9gnYBd7Hv00="`;

exports[`people picker > people picked for 2069 year following 1`] = `"KZmEsVURrqBPisAPWe7/8dwE3ZkKRAaKO4PlVp7HaqM="`;

exports[`people picker > people picked for 2070 year following 1`] = `"01FKPd6aqr3tNUJYXxStN5vwYKrZ9zpkHJvG8zx6fqo="`;

exports[`people picker > people picked for 2071 year following 1`] = `"3cpBS1Y2dcoYeb9bNiepdKzm5LnyrC4+TFqUI5QJX+k="`;

exports[`people picker > people picked for 2072 year following 1`] = `"5XnoesidEg84jg41323cCFMJBrGtjjOwBIT+6WfYF6U="`;

exports[`people picker > people picked for 2073 year following 1`] = `"kcFQi6QMb4duimiQTl4VYMrp/gzYsRsRmzxgVh3jF58="`;

exports[`people picker > people picked for 2074 year following 1`] = `"VMGvPQtzwLoBGie2VFL90fKd8D2HdB706k5w4Kvg3ls="`;

exports[`people picker > people picked for 2075 year following 1`] = `"/XRCXCh/04YAro8sPGnVlAyNJ0GVhl3hhO/gNbLX0gY="`;

exports[`people picker > people picked for 2076 year following 1`] = `"8mjCh5r6cKfqCFZbpxdhbufRBoZ0Lym+y6wCe/kd2V0="`;

exports[`people picker > people picked for 2077 year following 1`] = `"yHHvuLC3Jz+V5tJy4A7SqB7dR6+7kBLLBFFm9iKeXBw="`;

exports[`people picker > people picked for 2078 year following 1`] = `"/7QX981RufvdsHnaCzi9VywyfLjhsiD4LdfO3HL8hb4="`;

exports[`people picker > people picked for 2079 year following 1`] = `"BdL6KGQDjIqqXONoRhgF5sRfG2zrG2HdXQwWmYLv2rs="`;

exports[`people picker > people picked for 2080 year following 1`] = `"oP814X7MWHpydhip4hRzzvBLuoBZMqb4dXypGyXojYE="`;

exports[`people picker > people picked for 2081 year following 1`] = `"7PspghW+E+/ATpoTE7sb0X6FHwR6/S6/7rZpTql9Nyk="`;

exports[`people picker > people picked for 2082 year following 1`] = `"JSr2XCJdz72/DqcBm4UfH7XqEvjH+Q3mS894RQEIXws="`;

exports[`people picker > people picked for 2083 year following 1`] = `"TwVxGaMfWqB9Hi4LawjugcgEWKA953FYcx9NytcVJ5Q="`;

exports[`people picker > people picked for 2084 year following 1`] = `"xOvwul4MVNWPswJ6UdLrm7zBhg1XinsKLX+EeJlZC1s="`;

exports[`people picker > people picked for 2085 year following 1`] = `"8mjCh5r6cKfqCFZbpxdhbufRBoZ0Lym+y6wCe/kd2V0="`;

exports[`people picker > people picked for 2086 year following 1`] = `"FO8nQF47uXijL4T8gMRloZ21VApmVAXkFe8v2LLOE9I="`;

exports[`people picker > people picked for 2087 year following 1`] = `"KMChWNu1B8VZtr26fSGlpALRLj1PS5r6xGJOlZl5e7o="`;

exports[`people picker > people picked for 2088 year following 1`] = `"nrIuUH3SnJCTXfKJJQzA7FW2agvzkrIN93N12Et/9SI="`;

exports[`people picker > people picked for 2089 year following 1`] = `"01FKPd6aqr3tNUJYXxStN5vwYKrZ9zpkHJvG8zx6fqo="`;

exports[`people picker > people picked for 2090 year following 1`] = `"JSr2XCJdz72/DqcBm4UfH7XqEvjH+Q3mS894RQEIXws="`;

exports[`people picker > people picked for 2091 year following 1`] = `"y8EpD0Jew9xJZZK9t04LUzA3yR46h4kcQ4Q3jKVi4xQ="`;

exports[`people picker > people picked for 2092 year following 1`] = `"bJ8+CgX45EzFKZmPP6j4S4473f+k2duMn24AnbDxaZk="`;

exports[`people picker > people picked for 2093 year following 1`] = `"LJeghqNdz83C2+20IoTR+lSY0aBSq4P/Klh0Cc9V7tw="`;

exports[`people picker > people picked for 2094 year following 1`] = `"QG6rJFpfFL4RVoseC75M7C2cpAbthiamz5k9vl0qcGk="`;

exports[`people picker > people picked for 2095 year following 1`] = `"/y/shlfXykFE+6WsfgDhCPqw55jDUJThuLi1fKrQeeo="`;

exports[`people picker > people picked for 2096 year following 1`] = `"7UpI/JHO8bkbCLO0noGGspVzxNznuqU+3ECZj/Fshm8="`;

exports[`people picker > people picked for 2097 year following 1`] = `"oY4APRTvwYun0Ljdw8ARFQ7SsBU3VjQLondQ0F8aQFQ="`;

exports[`people picker > people picked for 2098 year following 1`] = `"87pp8LwZr0NtqJj9H0xOXP+8ivZxWl21aWD+LeobxKQ="`;

exports[`people picker > people picked for 2099 year following 1`] = `"kcFQi6QMb4duimiQTl4VYMrp/gzYsRsRmzxgVh3jF58="`;

exports[`people picker > people picked for 2100 year following 1`] = `"VqHvMOxKPN/QyCQm+8BAMx58PqWCeCSk5nPzfffHd+w="`;

exports[`people picker > people picked for 2101 year following 1`] = `"Fa5PVZ5qwljtu7f4RYtBuWluxlN4oYScKOIXURy9G/E="`;

exports[`people picker > people picked for 2102 year following 1`] = `"BI+zj5EodmlhFFVwluem4ZeEpMpJZeDeuADjwSliZto="`;

exports[`people picker > people picked for 2103 year following 1`] = `"D027Sl8a3F9LZm1etuciXMH+6wlR4zJ2ck+Vb9i22Es="`;

exports[`people picker > people picked for 2104 year following 1`] = `"kA2R3MQg9/dywkoTjvUikqClc3ibJZpmBbMpAiKnp5Q="`;

exports[`people picker > people picked for 2105 year following 1`] = `"i42j1pERsn7iAmEkMVa9kYofgsycI7acgRgea9ZJql0="`;

exports[`people picker > people picked for 2106 year following 1`] = `"AFPBFQfm3tn/dYxrCWfJwOg5NLreN/KRD2zba8/yOJA="`;

exports[`people picker > people picked for 2107 year following 1`] = `"aOEuIIz2zfFhncLdOxfTi10RVftcW9OJzbNTz+bxBRc="`;

exports[`people picker > people picked for 2108 year following 1`] = `"3cpBS1Y2dcoYeb9bNiepdKzm5LnyrC4+TFqUI5QJX+k="`;

exports[`people picker > people picked for 2109 year following 1`] = `"12lnQZOCx8Juyeth/Nyv20Tir5fB2KZUo75Ssvk9rgc="`;

exports[`people picker > people picked for 2110 year following 1`] = `"5XnoesidEg84jg41323cCFMJBrGtjjOwBIT+6WfYF6U="`;

exports[`people picker > people picked for 2111 year following 1`] = `"7Saj5AuUfqZYKhJJzLlWeM1NlQAI3i4C9gnYBd7Hv00="`;

exports[`people picker > people picked for 2112 year following 1`] = `"XMzYlR7RZgwTYCStDyr+gUbKhzT8Oi6e/nDEySlmyGM="`;

exports[`people picker > people picked for 2113 year following 1`] = `"AStF7r6a4oOYGO3LS8SW8gjsHSH+RCIf578GBy+Ac5Q="`;

exports[`people picker > people picked for 2114 year following 1`] = `"hZxISlITGdext2Ff3bytHkCVkwV7IQYupU+26cm8Kws="`;

exports[`people picker > people picked for 2115 year following 1`] = `"/y/shlfXykFE+6WsfgDhCPqw55jDUJThuLi1fKrQeeo="`;

exports[`people picker > people picked for 2116 year following 1`] = `"7TlSdTAn3SlOno+VSQczUu6EqpDbhkw1AFQlLRGtyQA="`;

exports[`people picker > people picked for 2117 year following 1`] = `"cPfgKyLuTlfeLkfnYtzvXlsVr8d20xix5k9PrXli864="`;

exports[`people picker > people picked for 2118 year following 1`] = `"zohK/FeR5q19qOM6WiEBBjg8g8wlXe1Zori573Si9kk="`;

exports[`people picker > people picked for 2119 year following 1`] = `"hZxISlITGdext2Ff3bytHkCVkwV7IQYupU+26cm8Kws="`;

exports[`people picker > people picked for 2120 year following 1`] = `"buYbmSl5LOw9O7dQPxOTVTUM/PzUo2UHav+CZtUmU1s="`;

exports[`people picker > people picked for 2121 year following 1`] = `"gGUt5QOoEfW68Lt+E/fqsYVwmnn/TG2EML3aupFGPwU="`;

exports[`people picker > people picked in different group for 2022 year following 1`] = `"Dkda92wYaaJuENbhCe1E/yX5cDingYEoivG1rCyNuh0="`;

exports[`people picker > people picked in different group for 2023 year following 1`] = `"EDxAOn1rijjX0aN+P63/c6bq2zkQKb/NUCAN3xcJfJU="`;

exports[`people picker > people picked in different group for 2024 year following 1`] = `"O69bzMizNOIO7Kjfn2Z83M4GsMr0GchO8+nrY78KpgE="`;

exports[`people picker > people picked in different group for 2025 year following 1`] = `"UqKVEXws+7pMCNnwfDv5VjXdlg+T2qLYqTxAMfZhhAY="`;

exports[`people picker > people picked in different group for 2026 year following 1`] = `"EDxAOn1rijjX0aN+P63/c6bq2zkQKb/NUCAN3xcJfJU="`;

exports[`people picker > people picked in different group for 2027 year following 1`] = `"zAgMXExbfw71MIRILQ/bvXthNdOmTpfbDwaogmo150U="`;

exports[`people picker > people picked in different group for 2028 year following 1`] = `"ErmV41ReftxATBEmCo+bE8MaSIh+bEbLd2U92sZfe1Q="`;

exports[`people picker > people picked in different group for 2029 year following 1`] = `"55MoBaBp/TWxKmE0pScKBcV/WRp6gX08L74hkEXiFGo="`;

exports[`people picker > people picked in different group for 2030 year following 1`] = `"jeEViEGOy6ntgkp7cwGgDWOl0YL3fyNoQwi2q5MM9WA="`;

exports[`people picker > people picked in different group for 2031 year following 1`] = `"kii5xPKfVwVr477WHFWC6t3hLy1uCDzkZhyBYTMs2/c="`;

exports[`people picker > people picked in different group for 2032 year following 1`] = `"Hjzl1alXq4GNj0bUlTrovk4rX1WoB1dcA2QgWKv8FJ4="`;

exports[`people picker > people picked in different group for 2033 year following 1`] = `"qve507ucohtZR/w2F6P/boRNG/SM7w9Hc0CVWLJAk4A="`;

exports[`people picker > people picked in different group for 2034 year following 1`] = `"ce0GIVm3IVkES6j1z5nNc0YYyudXYJM9Tm47ryfGni0="`;

exports[`people picker > people picked in different group for 2035 year following 1`] = `"o0RxnIaXlzKlyQxQzIrF09UUhaOMl+OAdabclrSK/fs="`;

exports[`people picker > people picked in different group for 2036 year following 1`] = `"QowQp8VIMwvNqQeOYBMHZTMR3UzCj3Vd4EjxSxagxdA="`;

exports[`people picker > people picked in different group for 2037 year following 1`] = `"Hjzl1alXq4GNj0bUlTrovk4rX1WoB1dcA2QgWKv8FJ4="`;

exports[`people picker > people picked in different group for 2038 year following 1`] = `"zyzGolE6ts6/coHjmvU6WbChqNo5HcPnjrzc329aWis="`;

exports[`people picker > people picked in different group for 2039 year following 1`] = `"bfgl00XQHqSP0E/lPGIxjP7G/Bx8z9SzkQ13Q2jOlCI="`;

exports[`people picker > people picked in different group for 2040 year following 1`] = `"xmsNmjJBdk2S+YdmfiiYFPpHVeSC1yJ3nt/JbLEpCa8="`;

exports[`people picker > people picked in different group for 2041 year following 1`] = `"czWpV7XxX5/zpDCuX+uL6aVniBQMST8mVYyJ2NU3voE="`;

exports[`people picker > people picked in different group for 2042 year following 1`] = `"xJHUdzM9MIIObElMAQwvbY0iNk0m5P8aClHW97UuLvA="`;

exports[`people picker > people picked in different group for 2043 year following 1`] = `"ErmV41ReftxATBEmCo+bE8MaSIh+bEbLd2U92sZfe1Q="`;

exports[`people picker > people picked in different group for 2044 year following 1`] = `"o0RxnIaXlzKlyQxQzIrF09UUhaOMl+OAdabclrSK/fs="`;

exports[`people picker > people picked in different group for 2045 year following 1`] = `"WTxJtxKMXZBTT4sHH7h3DHhbbo/iX6IdG26cF9iPtCg="`;

exports[`people picker > people picked in different group for 2046 year following 1`] = `"ErmV41ReftxATBEmCo+bE8MaSIh+bEbLd2U92sZfe1Q="`;

exports[`people picker > people picked in different group for 2047 year following 1`] = `"T4aRFjquoeu+DZPoIoHGAHhKjVfz8vqkrvZW0reGXg4="`;

exports[`people picker > people picked in different group for 2048 year following 1`] = `"gNbJBncfAoTVFOCSRhn7BIHeHt123rnpVkLYWkExWIQ="`;

exports[`people picker > people picked in different group for 2049 year following 1`] = `"xHcQXWx5eCVhHuCyJWQ9QNh/JqYWPoVfPY+AFGt8vPc="`;

exports[`people picker > people picked in different group for 2050 year following 1`] = `"o0RxnIaXlzKlyQxQzIrF09UUhaOMl+OAdabclrSK/fs="`;

exports[`people picker > people picked in different group for 2051 year following 1`] = `"t/wiYRA9AotksnyyVaE5JwXKpj/iMr3tgKbNX6OonJc="`;

exports[`people picker > people picked in different group for 2052 year following 1`] = `"ErmV41ReftxATBEmCo+bE8MaSIh+bEbLd2U92sZfe1Q="`;

exports[`people picker > people picked in different group for 2053 year following 1`] = `"PJIZmkE4M9uFeI1LOlWd6GNVw49f1QTnA6VtUcBGqrs="`;

exports[`people picker > people picked in different group for 2054 year following 1`] = `"czWpV7XxX5/zpDCuX+uL6aVniBQMST8mVYyJ2NU3voE="`;

exports[`people picker > people picked in different group for 2055 year following 1`] = `"WlU5BX0khqpuQ8ZOYgaEuzz3q3eR/qme44f83cPJ5w4="`;

exports[`people picker > people picked in different group for 2056 year following 1`] = `"WlU5BX0khqpuQ8ZOYgaEuzz3q3eR/qme44f83cPJ5w4="`;

exports[`people picker > people picked in different group for 2057 year following 1`] = `"vdd5FO2IMkQtaug90VX8W/dIkg4pbWOdmY7u1spYpJQ="`;

exports[`people picker > people picked in different group for 2058 year following 1`] = `"WlU5BX0khqpuQ8ZOYgaEuzz3q3eR/qme44f83cPJ5w4="`;

exports[`people picker > people picked in different group for 2059 year following 1`] = `"JO7c8WkXyz7jfYc0HvK/CEYWUZn/wBznitKNNVmZjC0="`;

exports[`people picker > people picked in different group for 2060 year following 1`] = `"mB3OFBMQhym7TBa7lNykd4M5wfrLUU7YGCqsfiZWVCk="`;

exports[`people picker > people picked in different group for 2061 year following 1`] = `"xmsNmjJBdk2S+YdmfiiYFPpHVeSC1yJ3nt/JbLEpCa8="`;

exports[`people picker > people picked in different group for 2062 year following 1`] = `"vdd5FO2IMkQtaug90VX8W/dIkg4pbWOdmY7u1spYpJQ="`;

exports[`people picker > people picked in different group for 2063 year following 1`] = `"PJIZmkE4M9uFeI1LOlWd6GNVw49f1QTnA6VtUcBGqrs="`;

exports[`people picker > people picked in different group for 2064 year following 1`] = `"v/5prJfaMwWfNv7JfhFzJCLbxxKt9MS3TVHzQEA3tSQ="`;

exports[`people picker > people picked in different group for 2065 year following 1`] = `"cbGfrCfwVRc9mv/Bz/3P2nKnbb/s05o2Wtc4mVYnFdc="`;

exports[`people picker > people picked in different group for 2066 year following 1`] = `"zyzGolE6ts6/coHjmvU6WbChqNo5HcPnjrzc329aWis="`;

exports[`people picker > people picked in different group for 2067 year following 1`] = `"38JJCsrMc8GlNYVN/LQupyxEFloYJXZBIG/SZLkwwGY="`;

exports[`people picker > people picked in different group for 2068 year following 1`] = `"A/+9UbaUgXbAdv2KT7jRxeFckHYDSNFv0fhJ/b72BTs="`;

exports[`people picker > people picked in different group for 2069 year following 1`] = `"b9udXhQO2UuxBCgS1fiaAVxFa6aAURekkjLKLnwhC7w="`;

exports[`people picker > people picked in different group for 2070 year following 1`] = `"o0RxnIaXlzKlyQxQzIrF09UUhaOMl+OAdabclrSK/fs="`;

exports[`people picker > people picked in different group for 2071 year following 1`] = `"O69bzMizNOIO7Kjfn2Z83M4GsMr0GchO8+nrY78KpgE="`;

exports[`people picker > people picked in different group for 2072 year following 1`] = `"cbGfrCfwVRc9mv/Bz/3P2nKnbb/s05o2Wtc4mVYnFdc="`;

exports[`people picker > people picked in different group for 2073 year following 1`] = `"38JJCsrMc8GlNYVN/LQupyxEFloYJXZBIG/SZLkwwGY="`;

exports[`people picker > people picked in different group for 2074 year following 1`] = `"zyzGolE6ts6/coHjmvU6WbChqNo5HcPnjrzc329aWis="`;

exports[`people picker > people picked in different group for 2075 year following 1`] = `"C+Mm7M6w0+nxgm+91CV/xF2F5o96vFhPHM9/tgwVu00="`;

exports[`people picker > people picked in different group for 2076 year following 1`] = `"T4aRFjquoeu+DZPoIoHGAHhKjVfz8vqkrvZW0reGXg4="`;

exports[`people picker > people picked in different group for 2077 year following 1`] = `"MJN7TkzHvWnBV/T7HWL7TAzsWj5ruMQWvdhRYG7ppbI="`;

exports[`people picker > people picked in different group for 2078 year following 1`] = `"Hjzl1alXq4GNj0bUlTrovk4rX1WoB1dcA2QgWKv8FJ4="`;

exports[`people picker > people picked in different group for 2079 year following 1`] = `"T4aRFjquoeu+DZPoIoHGAHhKjVfz8vqkrvZW0reGXg4="`;

exports[`people picker > people picked in different group for 2080 year following 1`] = `"WTxJtxKMXZBTT4sHH7h3DHhbbo/iX6IdG26cF9iPtCg="`;

exports[`people picker > people picked in different group for 2081 year following 1`] = `"RqlwmXtc3gYP+m+oJfnOddRG9qAmYyNSWDfDUeeR6gU="`;

exports[`people picker > people picked in different group for 2082 year following 1`] = `"Pjt5eI3GFYkm8ulwqBtFUrxl26aVE+ztvG0m+y0Iajc="`;

exports[`people picker > people picked in different group for 2083 year following 1`] = `"zyzGolE6ts6/coHjmvU6WbChqNo5HcPnjrzc329aWis="`;

exports[`people picker > people picked in different group for 2084 year following 1`] = `"38JJCsrMc8GlNYVN/LQupyxEFloYJXZBIG/SZLkwwGY="`;

exports[`people picker > people picked in different group for 2085 year following 1`] = `"JO7c8WkXyz7jfYc0HvK/CEYWUZn/wBznitKNNVmZjC0="`;

exports[`people picker > people picked in different group for 2086 year following 1`] = `"zyzGolE6ts6/coHjmvU6WbChqNo5HcPnjrzc329aWis="`;

exports[`people picker > people picked in different group for 2087 year following 1`] = `"PJIZmkE4M9uFeI1LOlWd6GNVw49f1QTnA6VtUcBGqrs="`;

exports[`people picker > people picked in different group for 2088 year following 1`] = `"DpMc9GwiRVL8dGVIN4ZwQdYuIGqXcLBIVczvwVgbEU0="`;

exports[`people picker > people picked in different group for 2089 year following 1`] = `"MJN7TkzHvWnBV/T7HWL7TAzsWj5ruMQWvdhRYG7ppbI="`;

exports[`people picker > people picked in different group for 2090 year following 1`] = `"xmsNmjJBdk2S+YdmfiiYFPpHVeSC1yJ3nt/JbLEpCa8="`;

exports[`people picker > people picked in different group for 2091 year following 1`] = `"38JJCsrMc8GlNYVN/LQupyxEFloYJXZBIG/SZLkwwGY="`;

exports[`people picker > people picked in different group for 2092 year following 1`] = `"gNbJBncfAoTVFOCSRhn7BIHeHt123rnpVkLYWkExWIQ="`;

exports[`people picker > people picked in different group for 2093 year following 1`] = `"ce0GIVm3IVkES6j1z5nNc0YYyudXYJM9Tm47ryfGni0="`;

exports[`people picker > people picked in different group for 2094 year following 1`] = `"v/5prJfaMwWfNv7JfhFzJCLbxxKt9MS3TVHzQEA3tSQ="`;

exports[`people picker > people picked in different group for 2095 year following 1`] = `"v/5prJfaMwWfNv7JfhFzJCLbxxKt9MS3TVHzQEA3tSQ="`;

exports[`people picker > people picked in different group for 2096 year following 1`] = `"WlU5BX0khqpuQ8ZOYgaEuzz3q3eR/qme44f83cPJ5w4="`;

exports[`people picker > people picked in different group for 2097 year following 1`] = `"jeEViEGOy6ntgkp7cwGgDWOl0YL3fyNoQwi2q5MM9WA="`;

exports[`people picker > people picked in different group for 2098 year following 1`] = `"O5jSQ/cwEb6BHzyTR5nfFtnDxRLPQuF/VD+IogvpgQ0="`;

exports[`people picker > people picked in different group for 2099 year following 1`] = `"C+Mm7M6w0+nxgm+91CV/xF2F5o96vFhPHM9/tgwVu00="`;

exports[`people picker > people picked in different group for 2100 year following 1`] = `"T4aRFjquoeu+DZPoIoHGAHhKjVfz8vqkrvZW0reGXg4="`;

exports[`people picker > people picked in different group for 2101 year following 1`] = `"b8Vcgsxuc4OW2viX0zl30OikZi71hy1Njy0Kwejnxf4="`;

exports[`people picker > people picked in different group for 2102 year following 1`] = `"rnXmAXiSleykay20UyyAlSyVdoAxEdPZirdU/eXjF7U="`;

exports[`people picker > people picked in different group for 2103 year following 1`] = `"Dkda92wYaaJuENbhCe1E/yX5cDingYEoivG1rCyNuh0="`;

exports[`people picker > people picked in different group for 2104 year following 1`] = `"zAgMXExbfw71MIRILQ/bvXthNdOmTpfbDwaogmo150U="`;

exports[`people picker > people picked in different group for 2105 year following 1`] = `"UqKVEXws+7pMCNnwfDv5VjXdlg+T2qLYqTxAMfZhhAY="`;

exports[`people picker > people picked in different group for 2106 year following 1`] = `"Dkda92wYaaJuENbhCe1E/yX5cDingYEoivG1rCyNuh0="`;

exports[`people picker > people picked in different group for 2107 year following 1`] = `"Hjzl1alXq4GNj0bUlTrovk4rX1WoB1dcA2QgWKv8FJ4="`;

exports[`people picker > people picked in different group for 2108 year following 1`] = `"t/wiYRA9AotksnyyVaE5JwXKpj/iMr3tgKbNX6OonJc="`;

exports[`people picker > people picked in different group for 2109 year following 1`] = `"JO7c8WkXyz7jfYc0HvK/CEYWUZn/wBznitKNNVmZjC0="`;

exports[`people picker > people picked in different group for 2110 year following 1`] = `"jeEViEGOy6ntgkp7cwGgDWOl0YL3fyNoQwi2q5MM9WA="`;

exports[`people picker > people picked in different group for 2111 year following 1`] = `"kii5xPKfVwVr477WHFWC6t3hLy1uCDzkZhyBYTMs2/c="`;

exports[`people picker > people picked in different group for 2112 year following 1`] = `"gNbJBncfAoTVFOCSRhn7BIHeHt123rnpVkLYWkExWIQ="`;

exports[`people picker > people picked in different group for 2113 year following 1`] = `"b9udXhQO2UuxBCgS1fiaAVxFa6aAURekkjLKLnwhC7w="`;

exports[`people picker > people picked in different group for 2114 year following 1`] = `"A/+9UbaUgXbAdv2KT7jRxeFckHYDSNFv0fhJ/b72BTs="`;

exports[`people picker > people picked in different group for 2115 year following 1`] = `"RqlwmXtc3gYP+m+oJfnOddRG9qAmYyNSWDfDUeeR6gU="`;

exports[`people picker > people picked in different group for 2116 year following 1`] = `"38JJCsrMc8GlNYVN/LQupyxEFloYJXZBIG/SZLkwwGY="`;

exports[`people picker > people picked in different group for 2117 year following 1`] = `"Hjzl1alXq4GNj0bUlTrovk4rX1WoB1dcA2QgWKv8FJ4="`;

exports[`people picker > people picked in different group for 2118 year following 1`] = `"A/+9UbaUgXbAdv2KT7jRxeFckHYDSNFv0fhJ/b72BTs="`;

exports[`people picker > people picked in different group for 2119 year following 1`] = `"b9udXhQO2UuxBCgS1fiaAVxFa6aAURekkjLKLnwhC7w="`;

exports[`people picker > people picked in different group for 2120 year following 1`] = `"b9udXhQO2UuxBCgS1fiaAVxFa6aAURekkjLKLnwhC7w="`;

exports[`people picker > people picked in different group for 2121 year following 1`] = `"o0RxnIaXlzKlyQxQzIrF09UUhaOMl+OAdabclrSK/fs="`;
